// Jest Snapshot v1, https://goo.gl/fbAQLP

exports[`Note Item should summarize 1`] = `
{
  "pageProps": {
    "editTextPrompt": undefined,
    "isLoading": false,
    "itemProps": {
      "id": "test",
      "menuProps": {
        "Component": [Function],
        "id": "menu",
        "isOpen": undefined,
        "itemsProps": [
          {
            "id": "GoBack",
            "onClick": [Function],
            "text": "Go back",
          },
          {
            "id": "Edit",
            "onClick": [Function],
            "text": "Edit text",
          },
        ],
        "onBackgroundClick": [Function],
      },
      "onClick": [Function],
      "onMenuClick": [Function],
      "text": "Test",
    },
    "notificationProps": undefined,
    "wordTreeProps": {
      "childrenProps": [
        {
          "children": "This",
          "isSelected": false,
          "onClick": [Function],
          "onMouseOver": [Function],
        },
        {
          "children": "is",
          "isSelected": true,
          "onClick": [Function],
          "onMouseOver": [Function],
        },
        {
          "children": "a",
          "isSelected": false,
          "onClick": [Function],
          "onMouseOver": [Function],
        },
        {
          "children": "test",
          "isSelected": false,
          "onClick": [Function],
          "onMouseOver": [Function],
        },
        {
          "children": "note.",
          "isSelected": false,
          "onClick": [Function],
          "onMouseOver": [Function],
        },
      ],
      "editProps": undefined,
      "id": "ROOT",
      "isCollapsible": true,
      "isOpen": true,
      "menuProps": undefined,
      "onClick": [Function],
      "onMenuClick": [Function],
      "promptProps": undefined,
      "text": "ROOT",
    },
  },
  "pageType": "Note",
}
`;
