// Jest Snapshot v1, https://goo.gl/fbAQLP

exports[`Hierarchical Item should close on background click 1`] = `
{
  "id": "ROOT",
  "indent": 0,
  "isCollapsed": false,
  "isMenuOpen": false,
  "menuProps": undefined,
  "onClick": [Function],
  "onMenuClick": [Function],
  "promptProps": undefined,
  "successors": [],
  "text": "ROOT",
}
`;
